
> backend@1.0.0 dev
> nodemon server.js

[33m[nodemon] 3.1.14[39m
[33m[nodemon] to restart at any time, enter `rs`[39m
[33m[nodemon] watching path(s): *.*[39m
[33m[nodemon] watching extensions: js,mjs,cjs,json[39m
[32m[nodemon] starting `node server.js`[39m
🔄 Running appointment cleanup engine validation check...
🍃 MongoDB Connected: ac-ajkcekk-shard-00-01.qtnjehd.mongodb.net
⏳ [Auto-Seed] Verifying default dental services...
✅ [Auto-Seed] Complete! All 17 default services already exist.
🚀 Server is blasting off on port 5000 in development mode (WebSockets Enabled)
🔥 protectRoute Error: jwt malformed
Error fetching clinic dentists: CastError: Cast to ObjectId failed for value "null" (type string) at path "clinicId" for model "Staff"
    at SchemaObjectId.cast (c:\Users\Admin\node_modules\mongoose\lib\schema\objectId.js:253:11)
    at SchemaType.applySetters (c:\Users\Admin\node_modules\mongoose\lib\schemaType.js:1288:12)
    at SchemaType.castForQuery (c:\Users\Admin\node_modules\mongoose\lib\schemaType.js:1718:17)
    at cast (c:\Users\Admin\node_modules\mongoose\lib\cast.js:390:32)
    at Query.cast (c:\Users\Admin\node_modules\mongoose\lib\query.js:5060:12)
    at Query._castConditions (c:\Users\Admin\node_modules\mongoose\lib\query.js:2374:10)
    at model.Query._find (c:\Users\Admin\node_modules\mongoose\lib\query.js:2401:8)
    at model.Query.exec (c:\Users\Admin\node_modules\mongoose\lib\query.js:4627:80)
    at process.processTicksAndRejections (node:internal/process/task_queues:105:5)
    at async getClinicDentists (file:///c:/Users/Admin/Desktop/saas/backend/src/controllers/staffController.js:287:22) {
  stringValue: '"null"',
  messageFormat: undefined,
  kind: 'ObjectId',
  value: 'null',
  path: 'clinicId',
  reason: BSONError: input must be a 24 character hex string, 12 byte Uint8Array, or an integer
      at new ObjectId (c:\Users\Admin\node_modules\bson\lib\bson.cjs:2538:23)
      at castObjectId (c:\Users\Admin\node_modules\mongoose\lib\cast\objectid.js:25:12)
      at SchemaObjectId.cast (c:\Users\Admin\node_modules\mongoose\lib\schema\objectId.js:251:12)
      at SchemaType.applySetters (c:\Users\Admin\node_modules\mongoose\lib\schemaType.js:1288:12)
      at SchemaType.castForQuery (c:\Users\Admin\node_modules\mongoose\lib\schemaType.js:1718:17)
      at cast (c:\Users\Admin\node_modules\mongoose\lib\cast.js:390:32)
      at Query.cast (c:\Users\Admin\node_modules\mongoose\lib\query.js:5060:12)
      at Query._castConditions (c:\Users\Admin\node_modules\mongoose\lib\query.js:2374:10)
      at model.Query._find (c:\Users\Admin\node_modules\mongoose\lib\query.js:2401:8)
      at model.Query.exec (c:\Users\Admin\node_modules\mongoose\lib\query.js:4627:80),
  valueType: 'string'
}
🔌 New client connected to pipeline socket session: FJSitc5CrZUns60hAAAB
[32m[nodemon] restarting due to changes...[39m
[32m[nodemon] restarting due to changes...[39m
[32m[nodemon] starting `node server.js`[39m
🔄 Running appointment cleanup engine validation check...
🍃 MongoDB Connected: ac-ajkcekk-shard-00-00.qtnjehd.mongodb.net
⏳ [Auto-Seed] Verifying default dental services...
✅ [Auto-Seed] Complete! All 17 default services already exist.
node:events:486
      throw er; // Unhandled 'error' event
      ^

Error: listen EADDRINUSE: address already in use :::5000
    at Server.setupListenHandle [as _listen2] (node:net:1940:16)
    at listenInCluster (node:net:1997:12)
    at Server.listen (node:net:2102:7)
    at startServer (file:///c:/Users/Admin/Desktop/saas/backend/server.js:61:25)
    at process.processTicksAndRejections (node:internal/process/task_queues:105:5)
Emitted 'error' event on Server instance at:
    at emitErrorNT (node:net:1976:8)
    at process.processTicksAndRejections (node:internal/process/task_queues:90:21) {
  code: 'EADDRINUSE',
  errno: -4091,
  syscall: 'listen',
  address: '::',
  port: 5000
}

Node.js v24.9.0
[31m[nodemon] app crashed - waiting for file changes before starting...[39m
[32m[nodemon] restarting due to changes...[39m
[32m[nodemon] starting `node server.js`[39m
🔄 Running appointment cleanup engine validation check...
🍃 MongoDB Connected: ac-ajkcekk-shard-00-00.qtnjehd.mongodb.net
⏳ [Auto-Seed] Verifying default dental services...
✅ [Auto-Seed] Complete! All 17 default services already exist.
🚀 Server is blasting off on port 5000 in development mode (WebSockets Enabled)
🔌 New client connected to pipeline socket session: yxDP4_-HJMQxywI5AAAB
❌ Client disconnected from server socket instance.
🔌 New client connected to pipeline socket session: YkvK6aXhh2pE58WVAAAD
[31m[nodemon] app crashed - waiting for file changes before starting...[39m
[32m[nodemon] restarting due to changes...[39m
[32m[nodemon] starting `node server.js`[39m
🔄 Running appointment cleanup engine validation check...
🍃 MongoDB Connected: ac-ajkcekk-shard-00-01.qtnjehd.mongodb.net
⏳ [Auto-Seed] Verifying default dental services...
✅ [Auto-Seed] Complete! All 17 default services already exist.
🚀 Server is blasting off on port 5000 in development mode (WebSockets Enabled)
🔌 New client connected to pipeline socket session: DlcZDpIIejfAQ0-VAAAB
[32m[nodemon] restarting due to changes...[39m
[32m[nodemon] starting `node server.js`[39m
🔄 Running appointment cleanup engine validation check...
🍃 MongoDB Connected: ac-ajkcekk-shard-00-02.qtnjehd.mongodb.net
⏳ [Auto-Seed] Verifying default dental services...
✅ [Auto-Seed] Complete! All 17 default services already exist.
🚀 Server is blasting off on port 5000 in development mode (WebSockets Enabled)
🔌 New client connected to pipeline socket session: 5HBeAJ3QpgISuYoQAAAB
[32m[nodemon] restarting due to changes...[39m
[32m[nodemon] starting `node server.js`[39m
🔄 Running appointment cleanup engine validation check...
🍃 MongoDB Connected: ac-ajkcekk-shard-00-01.qtnjehd.mongodb.net
⏳ [Auto-Seed] Verifying default dental services...
✅ [Auto-Seed] Complete! All 17 default services already exist.
🚀 Server is blasting off on port 5000 in development mode (WebSockets Enabled)
🔌 New client connected to pipeline socket session: DbV1NxTKot3I6Xb-AAAB
[32m[nodemon] restarting due to changes...[39m
[32m[nodemon] starting `node server.js`[39m
🔄 Running appointment cleanup engine validation check...
🍃 MongoDB Connected: ac-ajkcekk-shard-00-01.qtnjehd.mongodb.net
⏳ [Auto-Seed] Verifying default dental services...
✅ [Auto-Seed] Complete! All 17 default services already exist.
node:events:486
      throw er; // Unhandled 'error' event
      ^

Error: listen EADDRINUSE: address already in use :::5000
    at Server.setupListenHandle [as _listen2] (node:net:1940:16)
    at listenInCluster (node:net:1997:12)
    at Server.listen (node:net:2102:7)
    at startServer (file:///c:/Users/Admin/Desktop/saas/backend/server.js:61:25)
    at process.processTicksAndRejections (node:internal/process/task_queues:105:5)
Emitted 'error' event on Server instance at:
    at emitErrorNT (node:net:1976:8)
    at process.processTicksAndRejections (node:internal/process/task_queues:90:21) {
  code: 'EADDRINUSE',
  errno: -4091,
  syscall: 'listen',
  address: '::',
  port: 5000
}

Node.js v24.9.0
[31m[nodemon] app crashed - waiting for file changes before starting...[39m
[32m[nodemon] restarting due to changes...[39m
[32m[nodemon] starting `node server.js`[39m
🔄 Running appointment cleanup engine validation check...
[32m[nodemon] restarting due to changes...[39m
[32m[nodemon] starting `node server.js`[39m
🔄 Running appointment cleanup engine validation check...
🍃 MongoDB Connected: ac-ajkcekk-shard-00-01.qtnjehd.mongodb.net
⏳ [Auto-Seed] Verifying default dental services...
✅ [Auto-Seed] Complete! All 17 default services already exist.
node:events:486
      throw er; // Unhandled 'error' event
      ^

Error: listen EADDRINUSE: address already in use :::5000
    at Server.setupListenHandle [as _listen2] (node:net:1940:16)
    at listenInCluster (node:net:1997:12)
    at Server.listen (node:net:2102:7)
    at startServer (file:///c:/Users/Admin/Desktop/saas/backend/server.js:61:25)
    at process.processTicksAndRejections (node:internal/process/task_queues:105:5)
Emitted 'error' event on Server instance at:
    at emitErrorNT (node:net:1976:8)
    at process.processTicksAndRejections (node:internal/process/task_queues:90:21) {
  code: 'EADDRINUSE',
  errno: -4091,
  syscall: 'listen',
  address: '::',
  port: 5000
}

Node.js v24.9.0
[31m[nodemon] app crashed - waiting for file changes before starting...[39m
[32m[nodemon] restarting due to changes...[39m
[32m[nodemon] starting `node server.js`[39m
🔄 Running appointment cleanup engine validation check...
🍃 MongoDB Connected: ac-ajkcekk-shard-00-01.qtnjehd.mongodb.net
⏳ [Auto-Seed] Verifying default dental services...
✅ [Auto-Seed] Complete! All 17 default services already exist.
🚀 Server is blasting off on port 5000 in development mode (WebSockets Enabled)
🔌 New client connected to pipeline socket session: 2lxwRNIlcKPaOg3HAAAB
[31m[nodemon] app crashed - waiting for file changes before starting...[39m
